// Jest Snapshot v1, https://goo.gl/fbAQLP

exports[`ReceiveCoinModal.vue renders and matches snapshot 1`] = `
<div>
  <q-dialog-stub
    contentclass="light-modal"
    maximized="true"
    persistent="true"
    position="standard"
    transitionhide="slide-down"
    transitionshow="slide-up"
  >
    <receive-stub />
  </q-dialog-stub>
</div>
`;
