// Jest Snapshot v1, https://goo.gl/fbAQLP

exports[`Header.vue renders and matches snapshot 1`] = `
<section
  class="header-section"
>
  <div
    class="header-back-button-wrapper"
  >
    <button
      class="q-btn inline q-btn-item non-selectable icon-btn back-arrow-btn q-btn--flat q-btn--rectangle text-primary disabled hideBackButton"
      disabled="disabled"
      style="font-size: 20px;"
      tabindex="-1"
      type="button"
    >
      <div
        class="q-focus-helper"
        tabindex="-1"
      />
      <div
        class="q-btn__content text-center col items-center q-anchor--skip justify-center row"
      >
        <i
          aria-hidden="true"
          class="material-icons q-icon"
        >
          arrow_back
        </i>
      </div>
    </button>
  </div>
   
  <div>
    <div>
      <h1
        class="header-h1 logo"
      >
        
        CryptoWallet
      
      </h1>
    </div>
  </div>
   
  <!---->
   
  <!---->
   
  <div
    class="header-accounts-button-wrapper"
  >
    <button
      class="q-btn inline q-btn-item non-selectable icon-btn icon-btn-right q-btn--flat q-btn--rectangle text-primary q-focusable q-hoverable"
      style="font-size: 20px;"
      tabindex="0"
      type="button"
    >
      <div
        class="q-focus-helper"
        tabindex="-1"
      />
      <div
        class="q-btn__content text-center col items-center q-anchor--skip justify-center row"
      >
        <i
          aria-hidden="true"
          class="material-icons q-icon"
        >
          people
        </i>
      </div>
    </button>
  </div>
</section>
`;
