// Jest Snapshot v1, https://goo.gl/fbAQLP

exports[`WalletSingle.vue renders and matches snapshot 1`] = `<!---->`;
