// Jest Snapshot v1, https://goo.gl/fbAQLP

exports[`PaymentsGroup.vue renders and matches snapshot 1`] = `
<section>
  <paymentsgroupheader-stub
    group="[object Object]"
  />
   
  <payment-stub
    payment="[object Object]"
  />
  <payment-stub
    payment="[object Object]"
  />
</section>
`;
