// Jest Snapshot v1, https://goo.gl/fbAQLP

exports[`ConfirmSend component renders and matches snapshot 1`] = `
<div>
  <div
    class="sending-spinner-overlay"
  >
    <div
      class="lds-ring"
    >
      <div />
       
      <div />
       
      <div />
       
      <div />
    </div>
  </div>
   
  <div
    class="header-section"
  >
    <div
      class="header-back-button-wrapper"
    >
      <button
        class="q-btn inline q-btn-item non-selectable icon-btn back-arrow-btn q-btn--flat q-btn--rectangle q-focusable q-hoverable"
        style="font-size: 20px;"
        tabindex="0"
        type="button"
      >
        <div
          class="q-focus-helper"
          tabindex="-1"
        />
        <div
          class="q-btn__content text-center col items-center q-anchor--skip justify-center row"
        >
          <i
            aria-hidden="true"
            class="material-icons q-icon"
          >
            arrow_back
          </i>
        </div>
      </button>
    </div>
     
    <h1
      class="header-h1"
    >
      
      Confirm
    
    </h1>
  </div>
   
  <!---->
</div>
`;
